2026-10-09 21:08:59.662   Log opened. (Time zone: UTC+00:00)
2026-10-09 21:08:59.662   Setup version: Inno Setup version 6.7.1
2026-10-09 21:08:59.662   Original Uninstall EXE: C:\Users\runneradmin\AppData\Local\Programs\Tersus\unins000.exe
2026-10-09 21:08:59.662   Uninstall DAT: C:\Users\runneradmin\AppData\Local\Programs\Tersus\unins000.dat
2026-10-09 21:08:59.662   Current Uninstall EXE: C:\Users\RUNNER~1\AppData\Local\Temp\is-ELO7L15NFK-uninstall.tmp\_unins.tmp
2026-10-09 21:08:59.662   Uninstall command line: /SECONDPHASE="C:\Users\runneradmin\AppData\Local\Programs\Tersus\unins000.exe" /FIRSTPHASEWND=$F0196 /VERYSILENT /SUPPRESSMSGBOXES /NORESTART /LOG="D:\a\Tersus\Tersus\evidencias\instalador\desinstalacao.log"
2026-10-09 21:08:59.662   Windows version: 10.0.26100
2026-10-09 21:08:59.662   Windows architecture: x64 (64-bit)
2026-10-09 21:08:59.662   Machine types supported by system: x86 x64
2026-10-09 21:08:59.662   User privileges: Administrative
2026-10-09 21:08:59.662   Administrative install mode: No
2026-10-09 21:08:59.662   Install mode root key: HKEY_CURRENT_USER
2026-10-09 21:08:59.662   RedirectionGuard status for current process: Enabled in enforcing mode
2026-10-09 21:08:59.662   Cleaning up any residual temporary files from previous Uninstall runs.
2026-10-09 21:08:59.662   Cleanup finished (1 directories found, 1 directories checked, 0 files deleted).
2026-10-09 21:08:59.662   Created protected temporary directory: C:\Users\RUNNER~1\AppData\Local\Temp\is-FX6HJ8E16V.tmp
2026-10-09 21:08:59.674   Starting the uninstallation process.
2026-10-09 21:08:59.674   Deleting registry key: HKEY_CURRENT_USER\Software\Microsoft\Windows\CurrentVersion\Uninstall\{8D3F1C52-6B5A-4E0B-9C7A-2F1E6A4D9B30}_is1
2026-10-09 21:08:59.971   Deleting file: C:\Users\runneradmin\AppData\Roaming\Microsoft\Windows\Start Menu\Programs\Tersus.lnk
2026-10-09 21:08:59.973   Deleting file: C:\Users\runneradmin\AppData\Local\Programs\Tersus\LICENSE
2026-10-09 21:08:59.973   Deleting file: C:\Users\runneradmin\AppData\Local\Programs\Tersus\Tersus.exe
2026-10-09 21:08:59.979   Deleting directory: C:\Users\runneradmin\AppData\Local\Programs\Tersus
2026-10-09 21:08:59.979   Failed to delete directory (145). Will retry later.
2026-10-09 21:08:59.979   Deleting directory: C:\Users\runneradmin\AppData\Local\Programs
2026-10-09 21:08:59.979   Failed to delete directory (145). Will retry later.
2026-10-09 21:08:59.979   Deleting Uninstall data files.
2026-10-09 21:08:59.979   Creating "_unins-done.tmp" file.
2026-10-09 21:09:00.491   Deleting directory: C:\Users\runneradmin\AppData\Local\Programs\Tersus
2026-10-09 21:09:00.491   Deleting directory: C:\Users\runneradmin\AppData\Local\Programs
2026-10-09 21:09:00.495   Uninstallation process succeeded.
2026-10-09 21:09:00.495   Removed all? Yes
2026-10-09 21:09:00.495   Need to restart Windows? No
2026-10-09 21:09:00.497   Log closed.
