2026-10-09 21:08:41.474   Log opened. (Time zone: UTC+00:00)
2026-10-09 21:08:41.474   Setup version: Inno Setup version 6.7.1
2026-10-09 21:08:41.474   Original Setup EXE: D:\a\Tersus\Tersus\dist\Tersus-Setup-0.3.0-x64.exe
2026-10-09 21:08:41.474   Setup command line: /SL5="$30172,55642038,854528,D:\a\Tersus\Tersus\dist\Tersus-Setup-0.3.0-x64.exe" /VERYSILENT /SUPPRESSMSGBOXES /NORESTART /SP- /LOG="D:\a\Tersus\Tersus\evidencias\instalador\instalacao.log"
2026-10-09 21:08:41.474   Windows version: 10.0.26100
2026-10-09 21:08:41.474   Windows architecture: x64 (64-bit)
2026-10-09 21:08:41.474   Machine types supported by system: x86 x64
2026-10-09 21:08:41.474   User privileges: Administrative
2026-10-09 21:08:41.476   Administrative install mode: No
2026-10-09 21:08:41.476   Install mode root key: HKEY_CURRENT_USER
2026-10-09 21:08:41.476   64-bit install mode: Yes
2026-10-09 21:08:41.476   RedirectionGuard status for current process: Enabled in enforcing mode
2026-10-09 21:08:41.476   Created protected temporary directory: C:\Users\RUNNER~1\AppData\Local\Temp\is-FLECFUFVZ2.tmp
2026-10-09 21:08:42.228   Found 1 files to register with RestartManager.
2026-10-09 21:08:42.228   Calling RestartManager's RmGetList.
2026-10-09 21:08:42.231   RmGetList finished successfully.
2026-10-09 21:08:42.231   RestartManager found no applications using one of our files.
2026-10-09 21:08:42.232   Starting the installation process.
2026-10-09 21:08:42.235   Creating directory: C:\Users\runneradmin\AppData\Local\Programs
2026-10-09 21:08:42.235   Creating directory: C:\Users\runneradmin\AppData\Local\Programs\Tersus
2026-10-09 21:08:42.235   Directory for uninstall files: C:\Users\runneradmin\AppData\Local\Programs\Tersus
2026-10-09 21:08:42.235   Creating new uninstall log: C:\Users\runneradmin\AppData\Local\Programs\Tersus\unins000.dat
2026-10-09 21:08:42.327   -- File entry --
2026-10-09 21:08:42.327   Dest filename: C:\Users\runneradmin\AppData\Local\Programs\Tersus\unins000.exe
2026-10-09 21:08:42.327   Non-default bitness: 32-bit
2026-10-09 21:08:42.434   Time stamp of our file: 2026-10-09 21:08:41.056
2026-10-09 21:08:42.434   Installing the file.
2026-10-09 21:08:42.444   Successfully installed the file.
2026-10-09 21:08:42.444   -- File entry --
2026-10-09 21:08:42.444   Dest filename: C:\Users\runneradmin\AppData\Local\Programs\Tersus\Tersus.exe
2026-10-09 21:08:42.444   Time stamp of our file: 2026-10-09 21:07:08.000
2026-10-09 21:08:42.444   Installing the file.
2026-10-09 21:08:43.477   Successfully installed the file.
2026-10-09 21:08:43.477   -- File entry --
2026-10-09 21:08:43.477   Dest filename: C:\Users\runneradmin\AppData\Local\Programs\Tersus\LICENSE
2026-10-09 21:08:43.477   Time stamp of our file: 2026-10-09 21:06:20.000
2026-10-09 21:08:43.477   Installing the file.
2026-10-09 21:08:43.477   Successfully installed the file.
2026-10-09 21:08:43.479   -- Icon entry --
2026-10-09 21:08:43.479   Dest filename: C:\Users\runneradmin\AppData\Roaming\Microsoft\Windows\Start Menu\Programs\Tersus.lnk
2026-10-09 21:08:43.479   Creating the icon.
2026-10-09 21:08:44.837   Successfully created the icon.
2026-10-09 21:08:44.841   Saving uninstall information.
2026-10-09 21:08:44.841   Creating new uninstall key: HKEY_CURRENT_USER\Software\Microsoft\Windows\CurrentVersion\Uninstall\{8D3F1C52-6B5A-4E0B-9C7A-2F1E6A4D9B30}_is1
2026-10-09 21:08:44.841   Writing uninstall key values.
2026-10-09 21:08:44.841   Detected previous administrative 64-bit install? No
2026-10-09 21:08:44.841   Detected previous administrative 32-bit install? No
2026-10-09 21:08:44.847   Installation process succeeded.
2026-10-09 21:08:44.849   Need to restart Windows? No
2026-10-09 21:08:44.849   Deinitializing Setup.
2026-10-09 21:08:44.853   Log closed.
